zitongcharliedeng@PCzi-tong:~/projects/london_vesta_college/my_project$ git status

    On branch main

    No commits yet



zitongcharliedeng@PCzi-tong:~/projects/london_vesta_college/my_project$ git add .



zitongcharliedeng@PCzi-tong:~/projects/london_vesta_college/my_project$ git commit -m "Create basic index page"

    [main (root-commit) 3e6d964] Create basic index page
    1 file changed, 10 insertions(+)
    create mode 100644 index.html



zitongcharliedeng@PCzi-tong:~/projects/london_vesta_college/my_project$ git status

    On branch main



zitongcharliedeng@PCzi-tong:~/projects/london_vesta_college/my_project$ git status

    On branch main
    Changes not staged for commit:
    (use "git add <file>..." to update what will be committed)
    (use "git restore <file>..." to discard changes in working directory)
            modified:   index.html

    Untracked files:
    (use "git add <file>..." to include in what will be committed)
            text_file.txt



zitongcharliedeng@PCzi-tong:~/projects/london_vesta_college/my_project$ git commit -am "Update index page body"

    [main 1f1fe8f] Update index page body
    1 file changed, 1 insertion(+), 1 deletion(-)



