zitongcharliedeng@PCzi-tong:~/projects/london_vesta_college/my_project$ git status

    On branch main

    No commits yet



zitongcharliedeng@PCzi-tong:~/projects/london_vesta_college/my_project$ git add .



zitongcharliedeng@PCzi-tong:~/projects/london_vesta_college/my_project$ git commit -m "Create basic index page"

    [main (root-commit) 3e6d964] Create basic index page
    1 file changed, 10 insertions(+)
    create mode 100644 index.html



zitongcharliedeng@PCzi-tong:~/projects/london_vesta_college/my_project$ git status

    On branch main



zitongcharliedeng@PCzi-tong:~/projects/london_vesta_college/my_project$ git status

    On branch main
    Changes not staged for commit:
    (use "git add <file>..." to update what will be committed)
    (use "git restore <file>..." to discard changes in working directory)
            modified:   index.html

    Untracked files:
    (use "git add <file>..." to include in what will be committed)
            text_file.txt



zitongcharliedeng@PCzi-tong:~/projects/london_vesta_college/my_project$ git commit -am "Update index page body"

    [main 1f1fe8f] Update index page body
    1 file changed, 1 insertion(+), 1 deletion(-)



zitongcharliedeng@PCzi-tong:~/projects/london_vesta_college/my_project$ git add .



zitongcharliedeng@PCzi-tong:~/projects/london_vesta_college/my_project$ git commit -m "Create text file with git outputs pasted"

    [main 3a46c29] Create text file with git outputs pasted
    1 file changed, 47 insertions(+)
    create mode 100644 text_file.txt



zitongcharliedeng@PCzi-tong:~/projects/london_vesta_college/my_project$ git log

    commit 3a46c293bd03112c97d4bbb249c0f51163c65735 (HEAD -> main)
    Author: zitongcharliedeng <zitongcharliedeng2003@gmail.com>
    Date:   Thu Jun 8 10:20:50 2023 +0300

        Create text file with git outputs pasted

    commit 1f1fe8f647a2a04795018de0592abeb9183025ae
    Author: zitongcharliedeng <zitongcharliedeng2003@gmail.com>
    Date:   Thu Jun 8 10:19:37 2023 +0300

        Update index page body

    commit 3e6d964844327895a08853f358b9176b1611815d
    Author: zitongcharliedeng <zitongcharliedeng2003@gmail.com>
    Date:   Thu Jun 8 09:55:46 2023 +0300

        Create basic index page



zitongcharliedeng@PCzi-tong:~/projects/london_vesta_college/my_project$ git push -u origin main

    Enumerating objects: 12, done.
    Counting objects: 100% (12/12), done.
    Delta compression using up to 20 threads
    Compressing objects: 100% (10/10), done.
    Writing objects: 100% (12/12), 1.75 KiB | 1.75 MiB/s, done.
    Total 12 (delta 2), reused 0 (delta 0), pack-reused 0
    remote: Resolving deltas: 100% (2/2), done.
    To https://github.com/zitongcharliedeng/my_project.git
    * [new branch]      main -> main
    Branch 'main' set up to track remote branch 'main' from 'origin'.